{
  "id": "${id}",
  "nome": "${nome}",
  "cognome": "${cognome}",
  "indirizzo": "${indirizzo}"
}